[debug] [2025-10-17T23:23:47.351Z] ----------------------------------------------------------------------
[debug] [2025-10-17T23:23:47.358Z] Command:       /usr/local/bin/node /Users/alisafwat/react-project/node_modules/.bin/firebase init hosting
[debug] [2025-10-17T23:23:47.358Z] CLI Version:   14.20.0
[debug] [2025-10-17T23:23:47.359Z] Platform:      darwin
[debug] [2025-10-17T23:23:47.359Z] Node Version:  v23.6.1
[debug] [2025-10-17T23:23:47.359Z] Time:          Sat Oct 18 2025 02:23:47 GMT+0300 (Eastern European Summer Time)
[debug] [2025-10-17T23:23:47.359Z] ----------------------------------------------------------------------
[debug] 
[debug] [2025-10-17T23:23:47.364Z] >>> [apiv2][query] GET https://firebase-public.firebaseio.com/cli.json [none]
[info] 
     ######## #### ########  ######## ########     ###     ######  ########
     ##        ##  ##     ## ##       ##     ##  ##   ##  ##       ##
     ######    ##  ########  ######   ########  #########  ######  ######
     ##        ##  ##    ##  ##       ##     ## ##     ##       ## ##
     ##       #### ##     ## ######## ########  ##     ##  ######  ########

You're about to initialize a Firebase project in this directory:

  /Users/alisafwat/react-project

[info] 
=== Project Setup
[info] 
[info] First, let's associate this project directory with a Firebase project.
[info] You can create multiple project aliases by running firebase use --add, 
[info] 
[debug] [2025-10-17T23:23:47.971Z] <<< [apiv2][status] GET https://firebase-public.firebaseio.com/cli.json 200
[debug] [2025-10-17T23:23:47.971Z] <<< [apiv2][body] GET https://firebase-public.firebaseio.com/cli.json {"cloudBuildErrorAfter":1594252800000,"cloudBuildWarnAfter":1590019200000,"defaultNode10After":1594252800000,"minVersion":"3.0.5","node8DeploysDisabledAfter":1613390400000,"node8RuntimeDisabledAfter":1615809600000,"node8WarnAfter":1600128000000}
[debug] [2025-10-18T06:58:36.190Z] ExitPromptError: User force closed the prompt with SIGINT
    at Interface.sigint (/Users/alisafwat/react-project/node_modules/@inquirer/core/dist/commonjs/lib/create-prompt.js:101:37)
    at Interface.emit (node:events:507:28)
    at Interface.emit (node:domain:489:12)
    at [_ttyWrite] [as _ttyWrite] (node:internal/readline/interface:1125:18)
    at ReadStream.onkeypress (node:internal/readline/interface:264:20)
    at ReadStream.emit (node:events:519:35)
    at ReadStream.emit (node:domain:489:12)
    at emitKeys (node:internal/readline/utils:370:14)
    at emitKeys.next (<anonymous>)
    at ReadStream.onData (node:internal/readline/emitKeypressEvents:64:36)
[error] 
[error] Error: An unexpected error has occurred.
